v3> read aig 6s6.aig

v3> satv pdr -o 0

Monitor "833" is safe.
runtime: 542.587

v3> usage
Period time used : 541.4 seconds
Total time used  : 541.4 seconds
Peak memory used   : 2763.9336 M Bytes
Total memory used  : 2753.8086 M Bytes
Current memory used: 2762.0000 M Bytes

v3> q -f

v3> read aig 6s136.aig

v3> satv pdr -o 0

TIMEOUT
v3> read aig 6s206rb025.aig

v3> satv pdr -o 0
