v3> read aig 6s6.aig

v3> satv pdr -o 0

Monitor "833" is safe.
runtime: 86.4679

v3> usage
Period time used : 86.39 seconds
Total time used  : 86.39 seconds
Peak memory used   : 36.8281 M Bytes
Total memory used  : 30.1523 M Bytes
Current memory used: 38.3516 M Bytes

v3> q -f

v3> read aig 6s136.aig

v3> satv pdr -o 0

TIMEOUT
v3> read aig 6s206rb025.aig

v3> satv pdr -o 0

Monitor "181380" is safe.
runtime: 3.45655

v3> usage
Period time used : 3.64 seconds
Total time used  : 3.64 seconds
Peak memory used   : 114.7266 M Bytes
Total memory used  : 95.4844 M Bytes
Current memory used: 103.6836 M Bytes

v3> q -f

v3> read aig 6s221rb18.aig

v3> satv pdr -o 0

Monitor "75884" is safe.
runtime: 0.236775

v3> usage
Period time used : 0.68 seconds
Total time used  : 0.68 seconds
Peak memory used   : 252.5078 M Bytes
Total memory used  : 158.3281 M Bytes
Current memory used: 166.5273 M Bytes

v3> q -f

v3> read aig 6s307rb06.aig

v3> satv pdr -o 0
