v3> read aig 6s209b0.aig

v3> satv pdr -o 0
terminate called after throwing an instance of 'std::bad_alloc'
  what():  std::bad_alloc

MEMERROR
v3> read aig 6s210b037.aig

v3> satv pdr -o 0
