v3> read aig 6s6.aig

v3> satv pdr -o 0

TIMEOUT
v3> read aig 6s136.aig

v3> satv pdr -o 0
terminate called after throwing an instance of 'std::bad_alloc'
  what():  std::bad_alloc
