v3> read aig 6s209b0.aig

v3> satv pdr -o 0

Monitor "57476" is safe.
runtime: 311.876

v3> usage
Period time used : 311.2 seconds
Total time used  : 311.2 seconds
Peak memory used   : 3411.4102 M Bytes
Total memory used  : 3401.7188 M Bytes
Current memory used: 3409.9102 M Bytes

v3> q -f

v3> read aig 6s210b037.aig

v3> satv pdr -o 0

Monitor "8094" is violated.
Counter Example: 
0: 11110010000101100100100001100010001111010000100001010000001100001000100111000011000011101101101100010011000000000001001000010101000000000000000000000000000000000000000000000000000000000000000000000000000000000000000000000000000000000000000000000000000000000
1: 00000101000100010000000000000001011010001000000100001100010110000010000100000100100000000000010001000000000000000000000000000000110001000001000010101110010001000101100010100000001000111001110010100011000000000000001001100010011010000010111000000000110100000
2: 00000000000100000000000000000000010000010101010000100010001000000100010001100000010000100000000001000000010000000000000110100001000000000000000000000000000000000000000000000000000000000000000000000000000000000000000000000000000000000000000000000000000000000
3: 01000000011000100000000010000011000010000101001000100010000000000010100011000011000100000001110000001000000000000000010000010100000000011010001001001100101110001001101000000000011000101110001100011100010101000000011010100010001110010000101000000001001101000
4: 10010000000000010000000000100000100000000101001000001110010000010010010000000000001000000000111000001000000001000000000000010001000000000000000000000000000000000000000000000000000000000000000000000000000000000000000000000000000000000000000000000000000000001
5: 10000000000000000001010001010000100000000001000000000011101000001100011000001000100000000010010010100000000010000010000010000000000111000010001001011101000001100011110010100110010000000100001001001110111010001001000100100111000000001100000001011000000001001
6: 00100000000100000001000010000000001010010000000100000100000000000000010000000000010000000000010000010000010100000010000010000000000000000000000000000000000000000000000000000000000000000000000000000000000000000000000000000000000000000000000000000000000000001
7: 00110000000000000110001000000000000000010010101100000000101000010000010000001100000001000000000000100000000011000110000000100011000110011000000111110100101011011101001110001000100010111110001011000000110000010000001011000010010001001011100010110000001000000
8: 00100000000001001000000100001010000011011110001000000001100001010010010100001100000001010000110010000001000000001010000000101001000000000000000000000000000000000000000000000000000000000000000000000000000000000000000000000000000000000000000000000000000000000
runtime: 2.09235

v3> usage
Period time used : 2.08 seconds
Total time used  : 2.08 seconds
Peak memory used   : 39.2656 M Bytes
Total memory used  : 34.0586 M Bytes
Current memory used: 42.2500 M Bytes

v3> q -f

v3> read aig 6s210b105.aig

v3> satv pdr -o 0

Monitor "8230" is violated.
Counter Example: 
0: 10011010000001010011001000000000100000001001010000010101110000010001100010100101001010001001010000000000001100010110011010000111000000000000000000000000000000000000000000000000000000000000000000000000000000000000000000000000000000000000000000000000000000000
1: 10000001010000001000011100000000000000000011100001100101010100100010000011000000000000100000101100000110110000001001010001000000000001000010010001000011000000000000000000000000000000000000000000000000000000000000000000001000010001100001100000001000000000000
2: 01100000000100001010000000000000111100000100000100100000001010000001010001000000001000100000100100100110101000101100000000000000000000000000000000000000000000000000000000000000000000000000000000000000000000000000000000000000000000000000000000000000000000000
3: 01000110100000001000010001000000101010000000110001010010001010000010000110001101000001111001000000000000000000001000000010000000000100000010010001100001100010101101001100000000010000110000000010110101001000101001000001101000000010110011011001010001100000100
4: 00100001000000100000010011000010100000000011100000000000011100000000001000101011000001100010001000000000011000000000110010000000000000000000000000000000000000000000000000000000000000000000000000000000000000000000000000000000000000000000000000000000000000001
5: 01011100000001100100011000000000110000001001110100111000000000001000001001100100101000100010010100000000000000000001010000000000000010001000001010010001000000001000000001011101111000100000001010110100100111000110101000101000100010100110101100100010011000000
6: 01101101000000000001001000000010010000010000000001111000110010000000000001101000000010100100111100000001101010011110000000001100000000000000000000000000000000000000000000000000000000000000000000000000000000000000000000000000000000000000000000000000000000001
7: 00000000100000100100000010010100001000000000101010000101010100000100001001000001000000010010001100000010100111000000011001001001000011000111100000100010010001110101101000110001110001110010111101011110111100001001000011000001000010100000111100010000010011000
8: 00010000000001100100000001001000000111000101100010101000010101010010011000000000010000001100000101000110001101000100000000011000000000000000000000000000000000000000000000000000000000000000000000000000000000000000000000000000000000000000000000000000000000000
runtime: 2.1316

v3> usage
Period time used : 2.12 seconds
Total time used  : 2.12 seconds
Peak memory used   : 39.2695 M Bytes
Total memory used  : 34.0664 M Bytes
Current memory used: 42.2578 M Bytes

v3> q -f

v3> read aig 6s215rb0.aig

v3> satv pdr -o 0

Monitor "10871" is violated.
Counter Example: 
0: 101010010010101001100010000000000000001001000000010101010000010001000001000001000100000101000101000000010000000100000000000000000010110000110101100110001101010001000101000000000001000100000100010101000100000100010001000101000001000000000100000000110001000101000000000000100000000001010010001010000000000001000010101010101010101010000101000000000000000001100001
1: 100000000000000000000000000000000000000000000000000000000000000000000000000000000000000000000000000000000000000000000000000000000000000000000000000000000000000000000000000000000000000000000000000000000000000000000000000000000000000000000000000000000000000000000000000000000000000000000000000000000000000000000000000000000000000000000000000000000000000000000000
2: 000000000000000000010000000000000000000000000000000000000000000000000000000000000000000000000000000000000000000000000000000000000000000000000000000000000000000000000000000000000000000000000000000000000000000000000000000000000000000000000000000000000000000000000000000000000000000000000000000000000000000000000000000000000000000000000100000000100000000000011101
3: 000000000000000000000000000000000000000000000000000000000000000000000000000000000000000000000000000000000000000000000000000000000000000000000000000000000000000000000000000000000000000000000000000000000000000000000000000000000000000000000000000000000000000000000000000000000000000000000000000000000000000000000000000000000000000000000000000000000000000000000000
4: 000000000000000100010000000000000000000000000000000000000000000000000000000000000000000000000000000000000000000000000000000000000000000000000000000000000000000000000000000000000000000000000000000000000000000000000000000000000000000000000000000000000000000000000000000000000000000000000000000000000000000001000000000000000000000000000100000000000000000000000101
5: 100000000000000000000000000000000000000000000000000000000000000000000000000000000000000000000000000000000000000000000000000000000000000000000000000000000000000000000000000000000000000000000000000000000000000000000000000000000000000000000000000000000000000000000000000000000000000000000000000000000000000000000000000000000000000000000000000000000000000000000000
6: 000000000000000001000000000000000000000000000000000000000000000000000000000000000000000000000000000000000000000000000000000000000000000000000000000010000000000000000000000000000000000000000000000000000000000000000000000000000000000000000000000000000000000000000000000000000000000000000000000000000000000001000000000000000000000000000000000000000000000001000001
7: 000000000000000000000000000000000000000000000000000000000000000000000000000000000000000000000000000000000000000000000000000000000000000000000000000000000000000000000000000000000000000000000000000000000000000000000000000000000000000000000000000000000000000000000000000000000000000000000000000000000000000000000000000000000000000000000000000000000000000000000000
8: 100000001000000000011100000000000000000100010000010001000000010100010001000001000100000001000000000000010001000000000000010100000000010000001000000010000001010000000101000000000100010101010001010001000001010000010101000100000000010000000001000100010000010101000001000100000000000000000000100010000000000000010010101010101010100000000100000000100000000001000001
runtime: 224.5

v3> usage
Period time used : 224.2 seconds
Total time used  : 224.2 seconds
Peak memory used   : 1377.0625 M Bytes
Total memory used  : 1370.7617 M Bytes
Current memory used: 1378.9531 M Bytes

v3> q -f

v3> read aig 6s221rb18.aig

v3> satv pdr -o 0

Monitor "75884" is safe.
runtime: 0.250272

v3> usage
Period time used : 0.65 seconds
Total time used  : 0.65 seconds
Peak memory used   : 250.5508 M Bytes
Total memory used  : 208.0156 M Bytes
Current memory used: 216.2070 M Bytes

v3> q -f

v3> read aig 6s275rb253.aig

v3> satv pdr -o 0

Monitor "~v3_Internal_Net_28335" is safe.
runtime: 455.383

v3> usage
Period time used : 453.9 seconds
Total time used  : 453.9 seconds
Peak memory used   : 6932.8633 M Bytes
Total memory used  : 6929.6562 M Bytes
Current memory used: 6937.8477 M Bytes

v3> q -f

v3> read aig 6s275rb318.aig

v3> satv pdr -o 0

Monitor "~v3_Internal_Net_28530" is safe.
runtime: 450.312

v3> usage
Period time used : 449 seconds
Total time used  : 449 seconds
Peak memory used   : 6446.6523 M Bytes
Total memory used  : 6439.0977 M Bytes
Current memory used: 6447.2891 M Bytes

v3> q -f

v3> read aig 6s277rb292.aig

v3> satv pdr -o 0

Monitor "~v3_Internal_Net_28454" is safe.
runtime: 444.561

v3> usage
Period time used : 443.2 seconds
Total time used  : 443.2 seconds
Peak memory used   : 6334.7578 M Bytes
Total memory used  : 6327.3242 M Bytes
Current memory used: 6335.5156 M Bytes

v3> q -f

v3> read aig 6s277rb342.aig

v3> satv pdr -o 0

Monitor "~v3_Internal_Net_28604" is safe.
runtime: 273.794

v3> usage
Period time used : 272.8 seconds
Total time used  : 272.8 seconds
Peak memory used   : 4656.6562 M Bytes
Total memory used  : 4649.2891 M Bytes
Current memory used: 4657.4805 M Bytes

v3> q -f

v3> read aig 6s282b01.aig

v3> satv pdr -o 0

Monitor "13959" is safe.
runtime: 0.704913

v3> usage
Period time used : 0.71 seconds
Total time used  : 0.71 seconds
Peak memory used   : 62.0156 M Bytes
Total memory used  : 55.7773 M Bytes
Current memory used: 63.9688 M Bytes

v3> q -f

v3> read aig 6s289rb00529.aig

v3> satv pdr -o 0

TIMEOUT
v3> read aig 6s289rb05233.aig

v3> satv pdr -o 0

Monitor "116759" is violated.
Counter Example: 
0: 11010111010010110000101011011010101000000000011100001111011110000110100011101100111010001111100000101100100000001011110000110110101110101111110110101100000111111000000010001000001110100110001001001011111111001111101110001010001100001101101010101100110010101011101011101100011001100100101000110101010111010001100011000011101100101000010010101111011010011101111111101100001101101010100101111011101001101010010011010100101110111100110000111010001110101111000010000010111011010100100110111111111001111101110100101000111110010010000100101000010000010100010001111110011010100100010111010000001100001111110111001100010001101010100101011000001000100000000101110001000010011001100101100010001010101010100000010110010001100100011001100100100011110000001110100110010110100100100000110000100000110010110000100000000011000110010110001000000010001000100010101110001100101000001111000001101011011110101100000010000010110010101101010010000101001010000001011000100000101010010010010001101110000100010000000000000111011010001010010100011111001001110010100100001111100011010000100001110000000001001010011
1: 10101010000010000010001000010011000001010000011100100000011100001110000001110010110000001100001001100000010000101110001000100010110000010111000011100010000100000100000010100010000100011111001001000001010000100100000111000010101100101101000100100000110000100001010001110010010000100101000000110010011110010000010011010000101100101000001010001001000001101011001001100010100100101011100000000010100000101010000011111001010000001000001000110000000001000010001000000000001000001100001000110000101100001001001000100010010000010100010000001010010000000000011001011100110010100100010010001100010010001010101010100000010000110000100101000010001110101000110000010100000000110011000101111110100000000100000011010110000101000000000000000000100010100000000101100101000000000101000000000010001011010011000010100000000011000100000000010000000100000000001001101110001100010100000000000001001011001110101000100010001000000000010000010000010100001110000100011000110001101001011011100001100110000000000000100000000000000000100000000001000010011000010000000110000101000001100000010000100100100000110000001
2: 00001010100000101000010100001011000000010100001100000001010100001110000101100001110100001100000101110000010100010110000001110001110100000110000011010000100001001111000011110000000100001001000001111100010000001100001011110001111100000100011011110000101100011001010011100000110000001101000011110000101111010000000111000100101100000000000110111100000010011010000001100001110100000001000100000000110000001100000110010100010010001010000111001001000000011010101000000000011100001100000100111000001110000001000100110010111000100101100010001101110000000000010111110100010001000000100001001001010001001010010000001000010000110001000100110010001110101000000000000100000110110010001111111010000000000000000011101110100010000100010000000011101000110110000101111100000000000101100001001011001111001001000010100010000001101100000100011000000010100101001111001110111100000000000000000000001011101111111010111110011000100000100000000000010100000001000000101000110001101111111110101001000111011000000000000000000000000000100000000000001111100010000100001110000111101001110000010010100111110000000010001
3: 00001010100010101000101010001011000100010000011000100010111100001100000001110000111100001100000001010000011000100100001001100000100000001101000011010010010000001111000011110000100101001100001011110101000000001100010011110010110100101100010111110000111100101100010110010000111100001100010011110010001111010100000011010000111100101110000001010100000000100001001011000000110100000001000100000010111000001100000000010101010001001100000001101000000000101011100000000001100110001100000000111100101110001011001000110011110000100101000000011111010100000000000111111100110000101100010001000001110000101010101010100010010000110001010100110111011110101001100000000100001000010100000110011001000000010000001010111111110011000001000000000001111100100111111111101100000001000001010000000011001111000011001000101000100011101100000000000000000001000111111011100110111101010000000100000000011010101111111001111010111000000000000000000001000000101111010000101110011001101111111100011101011101010000001000100000000000000000100001000000001010111000010000001110000110100001110000011010100111110000110000001
4: 10100000100010101000100000101011000000000100111010000000111100000111000011100001101100000110000010010001111000000000000100010000000000100111000010010000000000001011000011110000000001001000000000111100000010000000011000110000000000000100000011100000001000001100010000100001011000010001000010100000000010000100000010000010001100001000000001110001000000001000000000000000111000000110000101000000011000011001000011011000000000000101000000111001010000001011000101000000001010000101000000111000000001000001000000100010110000110111110000111111111100000000001011010000100000001000100001000101010001001010000000000011110000000011110000110000001111110011100000000000001100010001001101111111110000000000001011110111001001000000000000000001111111011111110111111100000000000000000000000001000111000010000011111110111011111100000000000000000000111111110110111011100100000000000000000000001111111111111111001011011100000000000000000000000000111111000000111111011011111101111111111111011111111000100000000000000000000000100000000000001111000010000100000110000111100000110000010001110110110000000000001
5: 11100111101100111000100000000110101111100110011101010101110100010101000111101100010111011110100010111001110111011111110111010100011000010001100001011111110110101100110011110000101100111101110011000011011110001110100011100000111111000110111001011101111111001010001001111001100101000001001001010000110101111111100000011100111101100101110111010001101010000110010001000011101101010001111000101101100111010101000110011111000110001110001010111111011110011011000111001110011101100000100001110110010101111110110001110000011100000001100000100100101000101110101011110000000000011111111001110010001111001101010101101100100000000101101011000010011010011010001010111010100111011000100000000101010010101100111010000010001001010001111110001000101000000010000010110010101011101010101100100100011001100010010110001001010010101011101010100100001010111000101100110010010010000011001111101010100010100000111011010010111000110011001010101011100010101010101011111001100000100110001111011010011110010110010001100000001101011100000010100010001100110101000110001000101011001100100000110000100100000010101111100
6: 01000101001100101000010111100111100111100011011010001001110100111110111111001110100001000101100111111011010111100011100110110101100010111000100101001100010011110100101101111110111010110111110000000011101111111100101111000111110001000011011101001001010011101011101011011111100101110110111101001001100100110111101011101010111000110011100000010000010010010000111111010111000001100000110011111011111111110001100000100101001111010100101110100011001011011010110110001111010010100110010101110110111000111100011100111110001100100011101111101110101000011101000010101010110001010011101010100110101110001100110111101110101010110011100111001011001010100110101101100110011111001011100010001110111010101101101010100010011011110100111111101100101001101010110110100110011011101000101100111011010111100001111110101010101110100111110111010111000010111010101110110110000010100010010101000001011100100110101011001010101011110010011011000110011101101111111101111010100000000011001110100101111111010000110000000000000011010111001101010001001100110000010010101000000100100010010001110111100010111111101110011
7: 00000000101000100010000110100110001000001000000101010010000100000000001010000010101100001010001000100010010000100110000000110010100000011110000000000000100000010111000000000010000101011010001000101001000000000001000110100000001000101001010100100000011000100100000101100010101000000000000001000010010111010000010000000000001100100010001010100001000000100010000000100010000000100000010000000010011100100011001000100000000001100010001001000001010001101000001000010001101000000100001000101000100101000010001010000011011010110011010000000001101000001000101001011100000010000100100010001100000010001000000010110011010010000011011010000010101011000001101000101010101010000010000010101001100000100010001110010011110010001010100010101000100101101101011001111110101010000000001000101011000111101011001111010001101011110110101000101010001000101001011110111111000000001000100000001010101001010010111101110011111100001000101010100010001000111110001010111010100110100011011000000001011110110101000000000000001001111100000000000010000001000000010000010000100110101101000000101111001011010110000110100
8: 10101000000000101010110100001011000000110100110000010011111100100100001010000010101000111110000111000010010000110011000000100010110100001101000111010001110100101100001011000011010000001101001010110000000000001001000011110001000000001000010010100010001000100101000011110001000000101100001011000000101110010000010110000010111100011101001011100001000010001001000111100001100000101111010101001001100000100110000011010000010000101001000000100000000000000011111000010000000101001100000010100100101111001100000101100010100000010010101000001111111000000010101001110100010011101111000001001110010010001000111000001001010000000010111000000001101011001000110000000000001000010000001010110100000000000000100010100111001001001000000010100011101111100100100111010000000000000000100000100010000110100010000101011001110011110100001000000000001000011110000000000000111110000010000000000000000100110100100101100001000100101000100000000000001000101011001000110011110010011101110001111010001001111100000000000000000000011000000000000000101010000000110101010100100110101100001000011111111000010100000010100
runtime: 127.227

v3> usage
Period time used : 126.5 seconds
Total time used  : 126.5 seconds
Peak memory used   : 4395.9922 M Bytes
Total memory used  : 4380.5977 M Bytes
Current memory used: 4388.7891 M Bytes

v3> q -f

v3> read aig 6s291rb18.aig

v3> satv pdr -o 0

Monitor "~v3_Internal_Net_3190" is safe.
runtime: 18.8834

v3> usage
Period time used : 18.61 seconds
Total time used  : 18.61 seconds
Peak memory used   : 1068.0234 M Bytes
Total memory used  : 1062.6953 M Bytes
Current memory used: 1070.8867 M Bytes

v3> q -f

v3> read aig 6s291rb77.aig

v3> satv pdr -o 0

Monitor "~v3_Internal_Net_3367" is safe.
runtime: 36.4997

v3> usage
Period time used : 36.16 seconds
Total time used  : 36.16 seconds
Peak memory used   : 1546.5391 M Bytes
Total memory used  : 1541.0977 M Bytes
Current memory used: 1549.2891 M Bytes

v3> q -f

v3> read aig 6s317b14.aig

v3> satv pdr -o 0

Monitor "4976" is safe.
runtime: 14.2736

v3> usage
Period time used : 14.26 seconds
Total time used  : 14.26 seconds
Peak memory used   : 40.7305 M Bytes
Total memory used  : 35.2266 M Bytes
Current memory used: 43.4180 M Bytes

v3> q -f

v3> read aig 6s317b18.aig

v3> satv pdr -o 0

Monitor "4984" is safe.
runtime: 13.8077

v3> usage
Period time used : 13.79 seconds
Total time used  : 13.79 seconds
Peak memory used   : 41.3125 M Bytes
Total memory used  : 35.8086 M Bytes
Current memory used: 44.0000 M Bytes

v3> q -f

v3> read aig 6s318r.aig

v3> satv pdr -o 0

Monitor "3529" is violated.
Counter Example: 
0: 0001000101010010000010000010001010010100100000000000000010010
1: 0000000000000001000000000000000000000000000001110110101011000
2: 0000000000000001000000000010000010000000000100000000010010110
runtime: 0.084012

v3> usage
Period time used : 0.08 seconds
Total time used  : 0.08 seconds
Peak memory used   : 15.9375 M Bytes
Total memory used  : 10.7148 M Bytes
Current memory used: 18.9062 M Bytes

v3> q -f

v3> read aig 6s322rb265.aig

v3> satv pdr -o 0

Monitor "~v3_Internal_Net_738616" is safe.
runtime: 0.601361

v3> usage
Period time used : 1.41 seconds
Total time used  : 1.41 seconds
Peak memory used   : 444.7070 M Bytes
Total memory used  : 382.1641 M Bytes
Current memory used: 390.3555 M Bytes

v3> q -f

v3> read aig 6s325rb072.aig

v3> satv pdr -o 0

Monitor "~v3_Internal_Net_19563" is safe.
runtime: 28.0231

v3> usage
Period time used : 27.95 seconds
Total time used  : 27.95 seconds
Peak memory used   : 442.3398 M Bytes
Total memory used  : 435.8438 M Bytes
Current memory used: 444.0352 M Bytes

v3> q -f

v3> read aig 6s327rb10.aig

v3> satv pdr -o 0

Monitor "31901" is safe.
runtime: 154.268

v3> usage
Period time used : 153.9 seconds
Total time used  : 153.9 seconds
Peak memory used   : 1441.6992 M Bytes
Total memory used  : 1433.9180 M Bytes
Current memory used: 1442.1094 M Bytes

v3> q -f

v3> read aig 6s327rb19.aig

v3> satv pdr -o 0

Monitor "~v3_Internal_Net_31977" is safe.
runtime: 0.048658

v3> usage
Period time used : 0.06 seconds
Total time used  : 0.06 seconds
Peak memory used   : 45.9062 M Bytes
Total memory used  : 38.1562 M Bytes
Current memory used: 46.3477 M Bytes

v3> q -f

v3> read aig 6s330rb06.aig

v3> satv pdr -o 0

Monitor "4982" is violated.
Counter Example: 
0: 011010000110010100100100010101000101100000000101000000000001010001100001000011000110100000001000000011100100001100101000011010001010100110010000000111100010010000101000000011011100001000001100000000000001001010010001100001101001100011000001001000000000010111001010100011000111110001101000001000000001100010000010111010001000000000000000001100000000100000111001011010001110010000000000100100000001000111011001100111010010011100110001100000111100001100000010000011111000000010001001001100000000001000000010000000000000000100001000000000100000000000000010000100000000000000000000000110000001100100010000110000010000000000100000000000000011000001000000111000000000000110010100010110100100001100001000000000001100000010001000000001100000100000000000000000000000000000000000000000000000000000000000000000000000000000000000000000000000000000000000000000000000000000000000000000000000000000000000000000000000000000000000000000000000000000000000000000000000000000000000000000000000000000000000000000000000000000000000000000000000000000001111000011110000011100000111
1: 001000010010010110101100001010010101000000011111001011100100011001100010001100000000111001101101011011010100000010110100100011001000000110000000100101100011010001100000000011011100000001001110000010000001001010000000111010011100110000100001011000000100000010000000000000001001000000101000001000000000101110101011110101001000110011100000001000000000101100100000111010000011010100001001111010000001100100100000001011010001001010101010010100110110000000000011100101000000000010001000101100001100010000000100001100000000000000001000000000100110101000100010000000000010100101111001010010010101000101001100010110000000000010100000010101000001101000100010001000001000000110001110000010000100000000100101000011001100000110001000000001010000100000000000000000000000000000000000000000000000000000000000000000000000000000000000000000000000000000000000000000000000000000000000000000000000000000000000000000000000000000000000000000000000000000000000000000000000000000000000000000000000000000000000000000000000000000000000000000000000000000001111000011110000011100000111
2: 000000000000000000000000100000000000100000111111001010100000000000100000000010111010000010001111010001000110011011100010011000000000000000000000000000000110110001001100100101000000000011100100000001000100100010000110000011001000000001000000010100000000010100100000100011110110100011001000000000000000110001100111111100110001000000000000001010000000100100000000010110011000000000000001000100000000000110110110110001010000000010001001000010010000010000000010000011011000010000000100001000111000001100000011100100000101001000101110001000100010110000001001010010000011000001101100001101100101000100010001011001000000110000000000000100100000000001110000101010000000100100110000011010000101001000000010000011000000000000000000000000001000000000000000000000000000000000000000000000000000000000000000000000000000000000000000000000000000000000000000000000000000000000000000000000000000000000000000000000000000000000000000000000000000000000000000000000000000000000000000000000000000000000000000000000000000000000000000000000000000000000001111000011110000011100000111
runtime: 117.076

v3> usage
Period time used : 116.5 seconds
Total time used  : 116.5 seconds
Peak memory used   : 3158.9766 M Bytes
Total memory used  : 3143.2461 M Bytes
Current memory used: 3151.4375 M Bytes

v3> q -f

v3> read aig 6s330rb11.aig

v3> satv pdr -o 0

Monitor "118479" is safe.
runtime: 21.7953

v3> usage
Period time used : 21.79 seconds
Total time used  : 21.79 seconds
Peak memory used   : 415.5938 M Bytes
Total memory used  : 400.0508 M Bytes
Current memory used: 408.2422 M Bytes

v3> q -f

v3> read aig 6s335rb09.aig

v3> satv pdr -o 0

Monitor "11900" is violated.
Counter Example: 
0: 0011001000000101000000010000000000000000000000000000000000000001010000000010010100000001100100100000000100100110
1: 0000000000100000000000110001000000000000000000000000000000010011010100001001011101000000101010000000000100100110
2: 0000000000100001000000110000000000000000000000000000000000000001000000001001101101000011000000000100000100100110
3: 0000000000000000001000000000000000000000000000000000000000100000000000000010010100000100000100000000001000101110
4: 0000001000000000001000000000000000000000000011000100000000100001000100000010010100000000000000100001000100100100
5: 0000001000000000001000000000000000000000000000000001000010100001000000001001101101000100000110100001000000100100
runtime: 10.8719

v3> usage
Period time used : 10.84 seconds
Total time used  : 10.84 seconds
Peak memory used   : 223.5156 M Bytes
Total memory used  : 217.4883 M Bytes
Current memory used: 225.6797 M Bytes

v3> q -f

v3> read aig 6s335rb60.aig

v3> satv pdr -o 0

Monitor "12583" is violated.
Counter Example: 
0: 0000001000000100000000000001000000000000000001100010000000100000000000000010000001000000001000100000001001000100
1: 0000001010100000000000000001000000000000000001000000000000100000000000001001100001010000001000100000001000100110
2: 0011010010000111000100110011000000000000000000000000000000000000000000000010100000000000000000101000000000100110
3: 0000010010000000000000000001000000000000000001011100000000100010000000001000101000000000000000100000001001000110
4: 0000001001000000011100000000000000000000000000000000000000000000000000000010011000000000001000101001000100100100
5: 0011001000000001000100010000100000000000000101000100000000100000000100000010010001000000001011101100000100100000
runtime: 53.1175

v3> usage
Period time used : 52.95 seconds
Total time used  : 52.95 seconds
Peak memory used   : 844.2812 M Bytes
Total memory used  : 837.8984 M Bytes
Current memory used: 846.0898 M Bytes

v3> q -f

v3> read aig 6s344rb054.aig

v3> satv pdr -o 0

Monitor "~v3_Internal_Net_97951" is safe.
runtime: 0.076629

v3> usage
Period time used : 0.15 seconds
Total time used  : 0.15 seconds
Peak memory used   : 65.0312 M Bytes
Total memory used  : 51.6719 M Bytes
Current memory used: 59.8633 M Bytes

v3> q -f

v3> read aig 6s362rb1.aig

v3> satv pdr -o 0

Monitor "9831" is safe.
runtime: 1.5819

v3> usage
Period time used : 1.57 seconds
Total time used  : 1.57 seconds
Peak memory used   : 88.0352 M Bytes
Total memory used  : 82.1953 M Bytes
Current memory used: 90.3867 M Bytes

v3> q -f

v3> read aig 6s372rb26.aig

v3> satv pdr -o 0

TIMEOUT
v3> read aig 6s380b129.aig

v3> satv pdr -o 0

TIMEOUT
v3> read aig 6s381rb630.aig

v3> satv pdr -o 0

Monitor "~v3_Internal_Net_104091" is safe.
runtime: 236.958

v3> usage
Period time used : 235.8 seconds
Total time used  : 235.8 seconds
Peak memory used   : 5871.1055 M Bytes
Total memory used  : 5857.2891 M Bytes
Current memory used: 5865.4805 M Bytes

v3> q -f

v3> read aig 6s384rb024.aig

v3> satv pdr -o 0

Monitor "85075" is safe.
runtime: 120.961

v3> usage
Period time used : 119.9 seconds
Total time used  : 119.9 seconds
Peak memory used   : 5611.0352 M Bytes
Total memory used  : 5599.7734 M Bytes
Current memory used: 5607.9648 M Bytes

v3> q -f

v3> read aig 6s388b07.aig

v3> satv pdr -o 0

Monitor "34349" is violated.
Counter Example: 
0: 010000000000000000000000000000000000000000000000000000000000000000000000000000000000000000000000000000000000000000000000000000000000000000000010000000000000000000000000000000000
runtime: 0.023515

v3> usage
Period time used : 0.04 seconds
Total time used  : 0.04 seconds
Peak memory used   : 29.1836 M Bytes
Total memory used  : 21.6562 M Bytes
Current memory used: 29.8477 M Bytes

v3> q -f

v3> read aig 6s388b09.aig

v3> satv pdr -o 0

Monitor "34379" is violated.
Counter Example: 
0: 000000000000000000000000000000000000000000000000000000000000000000000000000000000000000000000000000000000000000000000000000000000000000000000010000000000000000000000000000000001
runtime: 0.023375

v3> usage
Period time used : 0.04 seconds
Total time used  : 0.04 seconds
Peak memory used   : 29.1836 M Bytes
Total memory used  : 21.6562 M Bytes
Current memory used: 29.8477 M Bytes

v3> q -f

v3> read aig 6s389b02.aig

v3> satv pdr -o 0

Monitor "34364" is violated.
Counter Example: 
0: 001000000000000000000000000000000000000000000000000000000000000000000000000000000000000000000000000000000000000000000000000000000000000000000010000000000000000000000000000000000
runtime: 0.023065

v3> usage
Period time used : 0.04 seconds
Total time used  : 0.04 seconds
Peak memory used   : 29.1953 M Bytes
Total memory used  : 21.6602 M Bytes
Current memory used: 29.8516 M Bytes

v3> q -f

v3> read aig 6s389b11.aig

v3> satv pdr -o 0

Monitor "34386" is violated.
Counter Example: 
0: 000000000000000000000000000000000000000000000000000000000000000000000000000000000000000000000000000000000000000000000000000000000000000000000000010100010001010100000000000000000
1: 000000000000010000000000000000000000000000000000000000000000000100010001000101010000000000000000000000000000000000000000000000000000000000000000010100010001010100000000000000000
2: 000000000000000000000000000000000000000000000000000000000000000100010001000101010000000000000000000000000000000000000000000000000000000000000000010101010101010100000000000000000
3: 001000000000000000000000000000000000000000000000000000000000000100010001000101000011111100000000000000000000000000000000000000000000000000100000000000000000000000000001000001000
4: 000000000000000000000000000000000000000000000000000000000000000101010001000101000011111110000000000000000000000000000000000000000000000111011000000000000000000000001000111101000
5: 000000000000000000000000000000000000000000000000000000000000000100010101010101000000000000000000000000000000000000000000000000000000000000000000010100010001010100000000000000000
runtime: 12.8719

v3> usage
Period time used : 12.85 seconds
Total time used  : 12.85 seconds
Peak memory used   : 264.8398 M Bytes
Total memory used  : 256.9805 M Bytes
Current memory used: 265.1719 M Bytes

v3> q -f

v3> read aig 6s391rb379.aig

v3> satv pdr -o 0

Monitor "~v3_Internal_Net_16806" is safe.
runtime: 1.05315

v3> usage
Period time used : 1.06 seconds
Total time used  : 1.06 seconds
Peak memory used   : 87.3633 M Bytes
Total memory used  : 81.3086 M Bytes
Current memory used: 89.5000 M Bytes

v3> q -f

v3> read aig 6s400rb07819.aig

v3> satv pdr -o 0

Monitor "~v3_Internal_Net_141021" is safe.
runtime: 0.065433

v3> usage
Period time used : 0.21 seconds
Total time used  : 0.21 seconds
Peak memory used   : 86.1016 M Bytes
Total memory used  : 73.3398 M Bytes
Current memory used: 81.5312 M Bytes

v3> q -f

v3> read aig 6s406rb067.aig

v3> satv pdr -o 0

Monitor "134488" is safe.
runtime: 178.556

v3> usage
Period time used : 178.3 seconds
Total time used  : 178.3 seconds
Peak memory used   : 2296.7148 M Bytes
Total memory used  : 2283.5508 M Bytes
Current memory used: 2291.7422 M Bytes

v3> q -f

v3> read aig 6s421rb050.aig

v3> satv pdr -o 0

Monitor "~v3_Internal_Net_7092" is safe.
runtime: 11.1704

v3> usage
Period time used : 11.12 seconds
Total time used  : 11.12 seconds
Peak memory used   : 175.8398 M Bytes
Total memory used  : 169.9570 M Bytes
Current memory used: 178.1484 M Bytes

v3> q -f

v3> read aig 6s421rb083.aig

v3> satv pdr -o 0

Monitor "~v3_Internal_Net_7191" is safe.
runtime: 11.1402

v3> usage
Period time used : 11.1 seconds
Total time used  : 11.1 seconds
Peak memory used   : 168.9805 M Bytes
Total memory used  : 163.0430 M Bytes
Current memory used: 171.2344 M Bytes

v3> q -f

v3> read aig 6s515rb1.aig

v3> satv pdr -o 0

Monitor "3866" is safe.
runtime: 4.93124

v3> usage
Period time used : 4.9 seconds
Total time used  : 4.9 seconds
Peak memory used   : 67.0859 M Bytes
Total memory used  : 61.6797 M Bytes
Current memory used: 69.8711 M Bytes

v3> q -f

v3> read aig oski1rub05.aig

v3> satv pdr -o 0

Monitor "215114" is safe.
runtime: 0.137046

v3> usage
Period time used : 0.32 seconds
Total time used  : 0.32 seconds
Peak memory used   : 123.3125 M Bytes
Total memory used  : 85.8242 M Bytes
Current memory used: 94.0156 M Bytes

v3> q -f

v3> read aig oski1rub05i.aig

v3> satv pdr -o 0

Monitor "0" is safe.
runtime: 0.092256

v3> usage
Period time used : 0.23 seconds
Total time used  : 0.23 seconds
Peak memory used   : 96.5430 M Bytes
Total memory used  : 79.8281 M Bytes
Current memory used: 88.0195 M Bytes

v3> q -f

v3> read aig oski1rub06.aig

v3> satv pdr -o 0

Monitor "215115" is safe.
runtime: 0.11419

v3> usage
Period time used : 0.29 seconds
Total time used  : 0.29 seconds
Peak memory used   : 123.3125 M Bytes
Total memory used  : 85.8242 M Bytes
Current memory used: 94.0156 M Bytes

v3> q -f

v3> read aig oski3ub2i.aig

v3> satv pdr -o 0

Monitor "42777" is safe.
runtime: 464.634

v3> usage
Period time used : 464.1 seconds
Total time used  : 464.1 seconds
Peak memory used   : 2993.7188 M Bytes
Total memory used  : 2985.3516 M Bytes
Current memory used: 2993.5430 M Bytes

v3> q -f

